2023-08-31 08:59:13	error	simple-zap-log/main.go:31	errof shiva
main.main
	/Users/kamarapushivachandra/Desktop/coding/go-learnings/zap-logger/simple-zap-log/main.go:31
runtime.main
	/Users/kamarapushivachandra/Downloads/softwares/goroot_1.19/src/runtime/proc.go:250
2023-08-31 08:59:56	info	simple-zap-log/main.go:26	infoln
2023-08-31 08:59:56	info	simple-zap-log/main.go:29	infof shiva
2023-08-31 08:59:56	error	simple-zap-log/main.go:31	errof shiva
main.main
	/Users/kamarapushivachandra/Desktop/coding/go-learnings/zap-logger/simple-zap-log/main.go:31
runtime.main
	/Users/kamarapushivachandra/Downloads/softwares/goroot_1.19/src/runtime/proc.go:250
2023-08-31 08:59:56	warn	simple-zap-log/main.go:33	warning
2024-01-29 11:57:36	info	simple-zap-log/main.go:25	infoln
2024-01-29 11:57:36	info	simple-zap-log/main.go:28	infof shiva
2024-01-29 11:57:36	error	simple-zap-log/main.go:30	errof shiva
main.main
	/Users/kamarapushivachandra/Desktop/go-learnings/zap-logger/simple-zap-log/main.go:30
runtime.main
	/Users/kamarapushivachandra/Downloads/softwares/goroot_1.19/src/runtime/proc.go:250
2024-01-29 11:57:36	warn	simple-zap-log/main.go:32	warning
2024-01-29 11:57:36	fatal	simple-zap-log/main.go:33	this is fatal
main.main
	/Users/kamarapushivachandra/Desktop/go-learnings/zap-logger/simple-zap-log/main.go:33
runtime.main
	/Users/kamarapushivachandra/Downloads/softwares/goroot_1.19/src/runtime/proc.go:250
2024-03-20 07:41:30	error	simple-zap-log/main.go:35	shivasurya
main.main
	/Users/kamarapushivachandra/Desktop/go-learnings/zap-logger/simple-zap-log/main.go:35
runtime.main
	/Users/kamarapushivachandra/Downloads/softwares/go1.22.0/src/runtime/proc.go:271
